
> unaic-web@0.1.0 build
> next build --turbopack

node.exe : [baseline-browser-mapping] The data in this module is over two months old.  To ensure accurate Baseline 
data, please update: `npm i baseline-browser-mapping@latest -D`
At line:1 char:1
+ & "C:\Program Files\nodejs/node.exe" "C:\Program Files\nodejs/node_mo ...
+ ~~~~~~~~~~~~~~~~~~~~~~~~~~~~~~~~~~~~~~~~~~~~~~~~~~~~~~~~~~~~~~~~~~~~~
    + CategoryInfo          : NotSpecified: ([baseline-brows...ping@latest -D`:String) [], RemoteException
    + FullyQualifiedErrorId : NativeCommandError
 
ΓÜá Warning: Next.js inferred your workspace root, but it may not be correct.
 We detected multiple lockfiles and selected the directory of D:\universitasalirsyad.ac.id\package-lock.json as the 
root directory.
 To silence this warning, set `turbopack.root` in your Next.js config, or consider removing one of the lockfiles if 
it's not needed.
   See https://nextjs.org/docs/app/api-reference/config/next-config-js/turbopack#root-directory for more information.
 Detected additional lockfiles: 
   * D:\universitasalirsyad.ac.id\unaic-web\package-lock.json

Γû▓ Next.js 16.1.1 (Turbopack)
- Environments: .env.local, .env

ΓÜá The "middleware" file convention is deprecated. Please use "proxy" instead. Learn more: 
https://nextjs.org/docs/messages/middleware-to-proxy
  Creating an optimized production build ...
[baseline-browser-mapping] The data in this module is over two months old.  To ensure accurate Baseline data, please 
update: `npm i baseline-browser-mapping@latest -D`
[baseline-browser-mapping] The data in this module is over two months old.  To ensure accurate Baseline data, please 
update: `npm i baseline-browser-mapping@latest -D`
Γ£ô Compiled successfully in 13.6s
  Running TypeScript ...
Failed to compile.

./src/app/[locale]/admin/profile/page.tsx:867:64
Type error: 'data.archiveGallery' is possibly 'undefined'.

[0m [90m 865 |[39m                                     [33m<[39m[33mbutton[39m
 [90m 866 |[39m                                         onClick[33m=[39m{() [33m=>[39m {
[31m[1m>[22m[39m[90m 867 |[39m                                             [36mconst[39m newArchive [33m=[39m 
data[33m.[39marchiveGallery[33m.[39mfilter((_[33m,[39m i) [33m=>[39m i [33m!==[39m idx)[33m;[39m
 [90m     |[39m                                                                [31m[1m^[22m[39m
 [90m 868 |[39m                                             setData({ [33m...[39mdata[33m,[39m 
archiveGallery[33m:[39m newArchive })[33m;[39m
 [90m 869 |[39m                                         }}
 [90m 870 |[39m                                         className[33m=[39m[32m"absolute top-1 right-1 bg-red-500 
text-white p-1 rounded-full opacity-0 group-hover:opacity-100 transition"[39m[0m
Next.js build worker exited with code: 1 and signal: null
